[36mvite v7.3.0 [32mbuilding client environment for production...[36m[39m
transforming...
[32m笨・[39m 6 modules transformed.
